Java HotSpot(TM) 64-Bit Server VM (25.131-b11) for bsd-amd64 JRE (1.8.0_131-b11), built on Mar 15 2017 01:32:22 by "java_re" with gcc 4.2.1 (Based on Apple Inc. build 5658) (LLVM build 2336.11.00)
Memory: 4k page, physical 8388608k(279684k free)

/proc/meminfo:

CommandLine flags: -XX:InitialHeapSize=134217728 -XX:MaxHeapSize=2147483648 -XX:+PrintGC -XX:+PrintGCDetails -XX:+PrintGCTimeStamps -XX:+UseCompressedClassPointers -XX:+UseCompressedOops -XX:+UseParallelGC 
0.319: [GC (System.gc()) [PSYoungGen: 3339K->528K(38400K)] 3339K->536K(125952K), 0.0045349 secs] [Times: user=0.01 sys=0.00, real=0.01 secs] 
0.324: [Full GC (System.gc()) [PSYoungGen: 528K->0K(38400K)] [ParOldGen: 8K->415K(87552K)] 536K->415K(125952K), [Metaspace: 3171K->3171K(1056768K)], 0.0056436 secs] [Times: user=0.01 sys=0.00, real=0.01 secs] 
0.833: [GC (System.gc()) [PSYoungGen: 1996K->128K(38400K)] 2412K->543K(125952K), 0.0008251 secs] [Times: user=0.00 sys=0.00, real=0.00 secs] 
0.834: [Full GC (System.gc()) [PSYoungGen: 128K->0K(38400K)] [ParOldGen: 415K->415K(87552K)] 543K->415K(125952K), [Metaspace: 3309K->3309K(1056768K)], 0.0073594 secs] [Times: user=0.01 sys=0.00, real=0.01 secs] 
Heap
 PSYoungGen      total 38400K, used 1664K [0x0000000795580000, 0x0000000798000000, 0x00000007c0000000)
  eden space 33280K, 5% used [0x0000000795580000,0x0000000795720198,0x0000000797600000)
  from space 5120K, 0% used [0x0000000797b00000,0x0000000797b00000,0x0000000798000000)
  to   space 5120K, 0% used [0x0000000797600000,0x0000000797600000,0x0000000797b00000)
 ParOldGen       total 87552K, used 415K [0x0000000740000000, 0x0000000745580000, 0x0000000795580000)
  object space 87552K, 0% used [0x0000000740000000,0x0000000740067e88,0x0000000745580000)
 Metaspace       used 3316K, capacity 4500K, committed 4864K, reserved 1056768K-Xms20M -Xmx20M -Xmn10M -verbose:gc -XX:+PrintGCDetails -XX:SurvivorRatio=8
  class space    used 369K, capacity 388K, committed 512K, reserved 1048576K
